// Vitest Snapshot v1, https://vitest.dev/guide/snapshot.html

exports[`ShowAttractionBadges unit test > should render correctly 1`] = `
<div>
  <span
    class="flex gap-2 justify-center flex-wrap mt-5 px-2"
    data-cy="show-attraction-badges"
  >
    <div
      class="inline-flex items-center rounded-full border px-2.5 py-0.5 text-xs font-semibold transition-colors focus:outline-none focus:ring-2 focus:ring-ring focus:ring-offset-2 text-foreground"
    >
      Music
    </div>
    <div
      class="inline-flex items-center rounded-full border px-2.5 py-0.5 text-xs font-semibold transition-colors focus:outline-none focus:ring-2 focus:ring-ring focus:ring-offset-2 text-foreground"
    >
      World
    </div>
    <div
      class="inline-flex items-center rounded-full border px-2.5 py-0.5 text-xs font-semibold transition-colors focus:outline-none focus:ring-2 focus:ring-ring focus:ring-offset-2 text-foreground"
    >
      Brazil
    </div>
    <div
      class="inline-flex items-center rounded-full border px-2.5 py-0.5 text-xs font-semibold transition-colors focus:outline-none focus:ring-2 focus:ring-ring focus:ring-offset-2 text-foreground"
    >
      Group
    </div>
    <div
      class="inline-flex items-center rounded-full border px-2.5 py-0.5 text-xs font-semibold transition-colors focus:outline-none focus:ring-2 focus:ring-ring focus:ring-offset-2 text-foreground"
    >
      Band
    </div>
  </span>
</div>
`;
