// Vitest Snapshot v1, https://vitest.dev/guide/snapshot.html

exports[`Page unit tests > should render correctly 1`] = `
<div>
  <main>
    <h1>
      Welcome to the Search Band App
    </h1>
    <img
      alt="Next.js logo"
      data-nimg="1"
      decoding="async"
      height="200"
      loading="lazy"
      src="/next.svg"
      style="color: transparent;"
      width="200"
    />
  </main>
</div>
`;
